[river@river gpt-bash]$ gpt delete all symlinks in the current directory
  % Total    % Received % Xferd  Average Speed   Time    Time     Time  Current
                                 Dload  Upload   Total   Spent    Left  Speed
100   554  100   287  100   267    357    332 --:--:-- --:--:-- --:--:--   689
[river@river gpt-bash]$ 

find . -type l -delete   

NOTE: this would delete more than just current dir



[river@river Auto-GPT]$ gpt how to move staged changes in git into a new branch
  % Total    % Received % Xferd  Average Speed   Time    Time     Time  Current
                                 Dload  Upload   Total   Spent    Left  Speed
100   597  100   323  100   274    463    393 --:--:-- --:--:-- --:--:--   857
[river@river Auto-GPT]$ 

git checkout -b <new_branch> && git commit -m "message"



[river@river Auto-GPT]$ gpt undo everything in git back to 043517d7b926147c803f6d01fdd6d64ecec927bb
  % Total    % Received % Xferd  Average Speed   Time    Time     Time  Current
                                 Dload  Upload   Total   Spent    Left  Speed
100   617  100   323  100   294    277    252  0:00:01  0:00:01 --:--:--   530
[river@river Auto-GPT]$ 

git reset --hard 043517d7b926147c803f6d01fdd6d64ecec927bb
HEAD is now at 043517d Add a kill switch feature: This will disable the agent running in continuous mode if a certain canary string is missing from a webpage.



[river@river safari]$ gpt clone all the submodules of a git repo i already pulled
  % Total    % Received % Xferd  Average Speed   Time    Time     Time  Current
                                 Dload  Upload   Total   Spent    Left  Speed
100   583  100   305  100   278    361    329 --:--:-- --:--:-- --:--:--   690
[river@river safari]$ 

git submodule update --init --recursive



[river@river gpt-bash]$ gpt execute a bash shell inside a network namespace under linux
  % Total    % Received % Xferd  Average Speed   Time    Time     Time  Current
                                 Dload  Upload   Total   Spent    Left  Speed
100   578  100   296  100   282    243    232  0:00:01  0:00:01 --:--:--   476
[river@river gpt-bash]$ 

ip netns exec <namespace> bash



FIRST TIME IT FAILED. A REPHRASE WORKED:

(mymamba) [river@river ai]$ gpt grep recursively to find python files containing the string 'dot_products.triu'
  % Total    % Received % Xferd  Average Speed   Time    Time     Time  Current
                                 Dload  Upload   Total   Spent    Left  Speed
100   600  100   300  100   300    235    235  0:00:01  0:00:01 --:--:--   471
(mymamba) [river@river ai]$ 

grep -r "dot_products.triu" *.py
grep: *.py: No such file or directory
(mymamba) [river@river ai]$ gpt grep recursively to find files containing the string 'dot_products.triu' restrict to only python files
  % Total    % Received % Xferd  Average Speed   Time    Time     Time  Current
                                 Dload  Upload   Total   Spent    Left  Speed
100   635  100   312  100   323     65     67  0:00:04  0:00:04 --:--:--   136
(mymamba) [river@river ai]$ 

grep -r --include=\*.py "dot_products.triu"
